ERROR - 2026-05-13 23:53:02 --> Error connecting to the database: mysqli_sql_exception: Nenhuma conexão pôde ser feita porque a máquina de destino as recusou ativamente in C:\Users\biafo\Documents\IFMG\DEW-II\008\system\Database\MySQLi\Connection.php:201
Stack trace:
#0 C:\Users\biafo\Documents\IFMG\DEW-II\008\system\Database\MySQLi\Connection.php(201): mysqli->real_connect('localhost', 'root', Object(SensitiveParameterValue), 'model_test', 3306, '', 0)
#1 C:\Users\biafo\Documents\IFMG\DEW-II\008\system\Database\BaseConnection.php(419): CodeIgniter\Database\MySQLi\Connection->connect(false)
#2 C:\Users\biafo\Documents\IFMG\DEW-II\008\app\Controllers\Home.php(13): CodeIgniter\Database\BaseConnection->initialize()
#3 C:\Users\biafo\Documents\IFMG\DEW-II\008\system\CodeIgniter.php(933): App\Controllers\Home->index()
#4 C:\Users\biafo\Documents\IFMG\DEW-II\008\system\CodeIgniter.php(507): CodeIgniter\CodeIgniter->runController(Object(App\Controllers\Home))
#5 C:\Users\biafo\Documents\IFMG\DEW-II\008\system\CodeIgniter.php(354): CodeIgniter\CodeIgniter->handleRequest(NULL, Object(Config\Cache), false)
#6 C:\Users\biafo\Documents\IFMG\DEW-II\008\system\Boot.php(363): CodeIgniter\CodeIgniter->run()
#7 C:\Users\biafo\Documents\IFMG\DEW-II\008\system\Boot.php(68): CodeIgniter\Boot::runCodeIgniter(Object(CodeIgniter\CodeIgniter))
#8 C:\Users\biafo\Documents\IFMG\DEW-II\008\public\index.php(59): CodeIgniter\Boot::bootWeb(Object(Config\Paths))
#9 {main}

Next CodeIgniter\Database\Exceptions\DatabaseException: Nenhuma conexão pôde ser feita porque a máquina de destino as recusou ativamente in C:\Users\biafo\Documents\IFMG\DEW-II\008\system\Database\MySQLi\Connection.php:246
Stack trace:
#0 C:\Users\biafo\Documents\IFMG\DEW-II\008\system\Database\BaseConnection.php(419): CodeIgniter\Database\MySQLi\Connection->connect(false)
#1 C:\Users\biafo\Documents\IFMG\DEW-II\008\app\Controllers\Home.php(13): CodeIgniter\Database\BaseConnection->initialize()
#2 C:\Users\biafo\Documents\IFMG\DEW-II\008\system\CodeIgniter.php(933): App\Controllers\Home->index()
#3 C:\Users\biafo\Documents\IFMG\DEW-II\008\system\CodeIgniter.php(507): CodeIgniter\CodeIgniter->runController(Object(App\Controllers\Home))
#4 C:\Users\biafo\Documents\IFMG\DEW-II\008\system\CodeIgniter.php(354): CodeIgniter\CodeIgniter->handleRequest(NULL, Object(Config\Cache), false)
#5 C:\Users\biafo\Documents\IFMG\DEW-II\008\system\Boot.php(363): CodeIgniter\CodeIgniter->run()
#6 C:\Users\biafo\Documents\IFMG\DEW-II\008\system\Boot.php(68): CodeIgniter\Boot::runCodeIgniter(Object(CodeIgniter\CodeIgniter))
#7 C:\Users\biafo\Documents\IFMG\DEW-II\008\public\index.php(59): CodeIgniter\Boot::bootWeb(Object(Config\Paths))
#8 {main}
