CRITICAL - 2026-05-05 16:41:49 --> ParseError: syntax error, unexpected identifier "d", expecting "," or ";"
[Method: GET, Route: quem-somos]
in APPPATH\Views\quem_somos_content.php on line 8.
 1 SYSTEMPATH\View\View.php(229): CodeIgniter\View\View->CodeIgniter\View\{closure}()
 2 SYSTEMPATH\Common.php(1199): CodeIgniter\View\View->render('quem_somos_content', [], true)
 3 APPPATH\Controllers\Home.php(52): view('quem_somos_content', [...])
 4 SYSTEMPATH\CodeIgniter.php(933): App\Controllers\Home->quemSomos()
 5 SYSTEMPATH\CodeIgniter.php(507): CodeIgniter\CodeIgniter->runController(Object(App\Controllers\Home))
 6 SYSTEMPATH\CodeIgniter.php(354): CodeIgniter\CodeIgniter->handleRequest(null, Object(Config\Cache), false)
 7 SYSTEMPATH\Boot.php(363): CodeIgniter\CodeIgniter->run()
 8 SYSTEMPATH\Boot.php(68): CodeIgniter\Boot::runCodeIgniter(Object(CodeIgniter\CodeIgniter))
 9 FCPATH\index.php(59): CodeIgniter\Boot::bootWeb(Object(Config\Paths))
CRITICAL - 2026-05-05 17:03:35 --> Error: Call to undefined function ul()
[Method: GET, Route: quem-somos]
in APPPATH\Views\quem_somos_content.php on line 24.
 1 SYSTEMPATH\View\View.php(226): include()
 2 SYSTEMPATH\View\View.php(229): CodeIgniter\View\View->CodeIgniter\View\{closure}()
 3 SYSTEMPATH\Common.php(1199): CodeIgniter\View\View->render('quem_somos_content', [], true)
 4 APPPATH\Controllers\Home.php(52): view('quem_somos_content', [...])
 5 SYSTEMPATH\CodeIgniter.php(933): App\Controllers\Home->quemSomos()
 6 SYSTEMPATH\CodeIgniter.php(507): CodeIgniter\CodeIgniter->runController(Object(App\Controllers\Home))
 7 SYSTEMPATH\CodeIgniter.php(354): CodeIgniter\CodeIgniter->handleRequest(null, Object(Config\Cache), false)
 8 SYSTEMPATH\Boot.php(363): CodeIgniter\CodeIgniter->run()
 9 SYSTEMPATH\Boot.php(68): CodeIgniter\Boot::runCodeIgniter(Object(CodeIgniter\CodeIgniter))
10 FCPATH\index.php(59): CodeIgniter\Boot::bootWeb(Object(Config\Paths))
